------------------------------------------------------------
TimeQuest Timing Analyzer Summary
------------------------------------------------------------

Type  : Slow 1200mV 85C Model Setup 'pin_name1'
Slack : -4.213
TNS   : -4.213

Type  : Slow 1200mV 85C Model Setup 'inst1|pll_inst0|altpll_component|auto_generated|pll1|clk[0]'
Slack : -2.886
TNS   : -11.205

Type  : Slow 1200mV 85C Model Hold 'inst1|pll_inst0|altpll_component|auto_generated|pll1|clk[0]'
Slack : 0.344
TNS   : 0.000

Type  : Slow 1200mV 85C Model Hold 'pin_name1'
Slack : 0.362
TNS   : 0.000

Type  : Slow 1200mV 85C Model Minimum Pulse Width 'inst1|pll_inst0|altpll_component|auto_generated|pll1|clk[0]'
Slack : 4.384
TNS   : 0.000

Type  : Slow 1200mV 85C Model Minimum Pulse Width 'pin_name1'
Slack : 9.687
TNS   : 0.000

Type  : Slow 1200mV 0C Model Setup 'pin_name1'
Slack : -3.743
TNS   : -3.743

Type  : Slow 1200mV 0C Model Setup 'inst1|pll_inst0|altpll_component|auto_generated|pll1|clk[0]'
Slack : -2.487
TNS   : -9.648

Type  : Slow 1200mV 0C Model Hold 'inst1|pll_inst0|altpll_component|auto_generated|pll1|clk[0]'
Slack : 0.299
TNS   : 0.000

Type  : Slow 1200mV 0C Model Hold 'pin_name1'
Slack : 0.320
TNS   : 0.000

Type  : Slow 1200mV 0C Model Minimum Pulse Width 'inst1|pll_inst0|altpll_component|auto_generated|pll1|clk[0]'
Slack : 4.377
TNS   : 0.000

Type  : Slow 1200mV 0C Model Minimum Pulse Width 'pin_name1'
Slack : 9.684
TNS   : 0.000

Type  : Fast 1200mV 0C Model Setup 'pin_name1'
Slack : -2.201
TNS   : -2.201

Type  : Fast 1200mV 0C Model Setup 'inst1|pll_inst0|altpll_component|auto_generated|pll1|clk[0]'
Slack : -1.569
TNS   : -6.086

Type  : Fast 1200mV 0C Model Hold 'inst1|pll_inst0|altpll_component|auto_generated|pll1|clk[0]'
Slack : 0.180
TNS   : 0.000

Type  : Fast 1200mV 0C Model Hold 'pin_name1'
Slack : 0.195
TNS   : 0.000

Type  : Fast 1200mV 0C Model Minimum Pulse Width 'inst1|pll_inst0|altpll_component|auto_generated|pll1|clk[0]'
Slack : 4.413
TNS   : 0.000

Type  : Fast 1200mV 0C Model Minimum Pulse Width 'pin_name1'
Slack : 9.444
TNS   : 0.000

------------------------------------------------------------
